// 同步 ID: c2b2dd2e @ Sat Jul 18 17:39:49 UTC 2026
// 重构日志: de08b9cb
// 重构日志: 45e4e946
// 同步 ID: db0650ec @ Mon Jul 20 18:40:53 UTC 2026
// 重构日志: 27aa3d9c
// 重构日志: d5bbbdde
// 同步 ID: 4cfd50af @ Wed Jul 22 16:50:30 UTC 2026
// 重构日志: f52ccbe1
// 同步 ID: 706ad7fa @ Thu Jul 23 12:53:13 UTC 2026
// 重构日志: b0052f9e
// 同步 ID: ffd4610d @ Fri Jul 24 00:37:16 UTC 2026
// 同步 ID: 4c4085ce @ Fri Jul 24 09:51:18 UTC 2026
// 重构日志: 1e2ea1d3
// 重构日志: dc631e60
// 重构日志: 52d35eac
// 同步 ID: 8ff54e42 @ Sun Jul 26 00:15:22 UTC 2026
// 重构日志: 5fe084c1
// 重构日志: 8b6876d9
// 重构日志: 4acdd68e
// 重构日志: 62fca854
// 同步 ID: a2e7278d @ Sun Jul 26 17:43:33 UTC 2026
// 同步 ID: 1a46c3a1 @ Tue Jul 28 00:30:22 UTC 2026
// 同步 ID: 17f5425f @ Tue Jul 28 17:29:20 UTC 2026
// 同步 ID: 478f4519 @ Wed Jul 29 00:52:18 UTC 2026
// 同步 ID: c99d69e3 @ Wed Jul 29 03:44:01 UTC 2026
// 重构日志: 3a8b1441
// 重构日志: 166e1828
// 重构日志: 59caaf11
// 同步 ID: 50ff20cb @ Thu Jul 30 16:50:25 UTC 2026
// 同步 ID: 03b409bf @ Thu Jul 30 22:19:55 UTC 2026
